[www.moonreading.com/start/1/index38ca.html]
[www.moonreading.com/img/moon-icon-16.png]
[backblue.gif]
[fade.gif]
[index.html]
[www.moonreading.com/css/fonts.css]
[www.moonreading.com/css/bootstrap-reboot.min.css]
[www.moonreading.com/css/clean.css]
[www.moonreading.com/css/icons.css]
[connect.facebook.net/en_US/fbevents.js]
[www.moonreading.com/img/moon-reading-text-logo.png]
[ajax.googleapis.com/ajax/libs/jquery/1.12.4/jquery.min.js]
[www.moonreading.com/start/1/index38ca.html]
[www.moonreading.com/js/jstz-1.0.4.min.js]
[www.moonreading.com/css/kmKiZrc3Hgbbcjq75U4uslyuy4kn0qviTgY3KcC-wLOj.woff2]
[www.moonreading.com/css/o-0OIpQlx3QUlC5A4PNr4ARCQ_mu72Bi.woff2]
[www.moonreading.com/css/o-0IIpQlx3QUlC5A4PNr5TRASf6M7Q.woff2]
[www.moonreading.com/css/o-0NIpQlx3QUlC5A4PNjOhBVZNyBx2pqPA.woff2]
[www.moonreading.com/css/o-0NIpQlx3QUlC5A4PNjFhdVZNyBx2pqPA.woff2]
[www.moonreading.com/css/fonts.css]
[www.moonreading.com/css/bootstrap-reboot.min.css]
[www.moonreading.com/css/icons.css]
[www.moonreading.com/img/bg-wavewhite.png]
[www.moonreading.com/css/clean.css]
[www.moonreading.com/start/1/c]
[www.moonreading.com/start/1/b]
[www.moonreading.com/start/1/POST]
[connect.facebook.net/en_US/fbevents.js]
[www.moonreading.com/start/1/c.html]
[www.moonreading.com/start/1/b.html]
[www.moonreading.com/start/1/POST.html]
